node_modules/@monaco-editor/react/dist/index.d.ts(106,295): error TS2503: Cannot find namespace 'JSX'.
node_modules/@monaco-editor/react/dist/index.d.ts(225,277): error TS2503: Cannot find namespace 'JSX'.
